✓ Initialized. View run at 
https://modal.com/apps/teal-sea/main/ap-WbdVjMHe1JYCD0rXtfV4LO
Building image im-ziz2UUORcY8SA33N0aqrVy

=> Step 0: FROM base

=> Step 1: RUN python -m pip install mpmath==1.3.0 python-flint==0.9.0
Looking in indexes: http://pypi-mirror.modal.local:5555/simple
Collecting mpmath==1.3.0
  Downloading http://pypi-mirror.modal.local:5555/simple/mpmath/mpmath-1.3.0-py3-none-any.whl.metadata (8.6 kB)
Collecting python-flint==0.9.0
  Downloading http://pypi-mirror.modal.local:5555/simple/python-flint/python_flint-0.9.0-cp310-abi3-manylinux2014_x86_64.manylinux_2_17_x86_64.whl.metadata (23 kB)
Downloading http://pypi-mirror.modal.local:5555/simple/mpmath/mpmath-1.3.0-py3-none-any.whl (536 kB)
   ━━━━━━━━━━━━━━━━━━━━━━━━━━━━━━━━━━━━━━━ 536.2/536.2 kB 899.3 MB/s eta 0:00:00
Downloading http://pypi-mirror.modal.local:5555/simple/python-flint/python_flint-0.9.0-cp310-abi3-manylinux2014_x86_64.manylinux_2_17_x86_64.whl (10.1 MB)
   ━━━━━━━━━━━━━━━━━━━━━━━━━━━━━━━━━━━━━━━━ 10.1/10.1 MB 142.2 MB/s eta 0:00:00
Installing collected packages: mpmath, python-flint

Successfully installed mpmath-1.3.0 python-flint-0.9.0

[notice] A new release of pip is available: 25.1.1 -> 26.2.1
[notice] To update, run: pip install --upgrade pip
Saving image...
Image saved, took 381.93ms

Built image im-ziz2UUORcY8SA33N0aqrVy in 2.50s


✓ Created objects.
├── 🔨 Created mount 
│   /Users/thomas/orca/workspaces/zeta-lab/oob-cert/hunts/oob_envelope/numerics/
│   k2_modal.py
├── 🔨 Created mount 
│   /Users/thomas/orca/workspaces/zeta-lab/oob-cert/hunts/oob_envelope/numerics/
│   assemble.py
├── 🔨 Created mount 
│   /Users/thomas/orca/workspaces/zeta-lab/oob-cert/hunts/rogue_frontier/weil_tr
│   unc/galerkin.py
└── 🔨 Created function k2.
Traceback (most recent call last):
Runner failed with exception: IndexError(1)
  File "/pkg/modal/_runtime/task_lifecycle_manager.py", line 84, in handle_task_lifecycle_exception
    yield
  File "/pkg/modal/_container_entrypoint.py", line 362, in hydrate_function
    service = get_function_service(function_def, _client)
              ^^^^^^^^^^^^^^^^^^^^^^^^^^^^^^^^^^^^^^^^^^^
  File "/pkg/modal/_container_entrypoint.py", line 340, in get_function_service
    service = import_single_function_service(
              ^^^^^^^^^^^^^^^^^^^^^^^^^^^^^^^
  File "/pkg/modal/_runtime/user_code_imports.py", line 509, in import_single_function_service
    module = importlib.import_module(function_def.module_name)
             ^^^^^^^^^^^^^^^^^^^^^^^^^^^^^^^^^^^^^^^^^^^^^^^^^
  File "/usr/local/lib/python3.12/importlib/__init__.py", line 90, in import_module
    return _bootstrap._gcd_import(name[level:], package, level)
           ^^^^^^^^^^^^^^^^^^^^^^^^^^^^^^^^^^^^^^^^^^^^^^^^^^^^
  File "<frozen importlib._bootstrap>", line 1387, in _gcd_import
  File "<frozen importlib._bootstrap>", line 1360, in _find_and_load
  File "<frozen importlib._bootstrap>", line 1331, in _find_and_load_unlocked
  File "<frozen importlib._bootstrap>", line 935, in _load_unlocked
  File "<frozen importlib._bootstrap_external>", line 999, in exec_module
  File "<frozen importlib._bootstrap>", line 488, in _call_with_frames_removed
  File "/root/k2_modal.py", line 157, in <module>
    .add_local_file(str(HERE.parents[1] / "rogue_frontier" / "weil_trunc" / "galerkin.py"),
                        ~~~~~~~~~~~~^^^
  File "/usr/local/lib/python3.12/pathlib.py", line 282, in __getitem__
    raise IndexError(idx)
IndexError: 1
Traceback (most recent call last):
  File "/pkg/modal/_runtime/task_lifecycle_manager.py", line 84, in handle_task_lifecycle_exception
    yield
  File "/pkg/modal/_container_entrypoint.py", line 362, in hydrate_function
    service = get_function_service(function_def, _client)
              ^^^^^^^^^^^^^^^^^^^^^^^^^^^^^^^^^^^^^^^^^^^
  File "/pkg/modal/_container_entrypoint.py", line 340, in get_function_service
    service = import_single_function_service(
              ^^^^^^^^^^^^^^^^^^^^^^^^^^^^^^^
  File "/pkg/modal/_runtime/user_code_imports.py", line 509, in import_single_function_service
    module = importlib.import_module(function_def.module_name)
             ^^^^^^^^^^^^^^^^^^^^^^^^^^^^^^^^^^^^^^^^^^^^^^^^^
  File "/usr/local/lib/python3.12/importlib/__init__.py", line 90, in import_module
    return _bootstrap._gcd_import(name[level:], package, level)
           ^^^^^^^^^^^^^^^^^^^^^^^^^^^^^^^^^^^^^^^^^^^^^^^^^^^^
  File "<frozen importlib._bootstrap>", line 1387, in _gcd_import
  File "<frozen importlib._bootstrap>", line 1360, in _find_and_load
  File "<frozen importlib._bootstrap>", line 1331, in _find_and_load_unlocked
  File "<frozen importlib._bootstrap>", line 935, in _load_unlocked
  File "<frozen importlib._bootstrap_external>", line 999, in exec_module
  File "<frozen importlib._bootstrap>", line 488, in _call_with_frames_removed
  File "/root/k2_modal.py", line 157, in <module>
    .add_local_file(str(HERE.parents[1] / "rogue_frontier" / "weil_trunc" / "galerkin.py"),
                        ~~~~~~~~~~~~^^^
  File "/usr/local/lib/python3.12/pathlib.py", line 282, in __getitem__
    raise IndexError(idx)
IndexError: 1
Runner failed with exception: IndexError(1)
Traceback (most recent call last):
  File "/pkg/modal/_runtime/task_lifecycle_manager.py", line 84, in handle_task_lifecycle_exception
    yield
  File "/pkg/modal/_container_entrypoint.py", line 362, in hydrate_function
    service = get_function_service(function_def, _client)
              ^^^^^^^^^^^^^^^^^^^^^^^^^^^^^^^^^^^^^^^^^^^
  File "/pkg/modal/_container_entrypoint.py", line 340, in get_function_service
    service = import_single_function_service(
              ^^^^^^^^^^^^^^^^^^^^^^^^^^^^^^^
  File "/pkg/modal/_runtime/user_code_imports.py", line 509, in import_single_function_service
    module = importlib.import_module(function_def.module_name)
             ^^^^^^^^^^^^^^^^^^^^^^^^^^^^^^^^^^^^^^^^^^^^^^^^^
  File "/usr/local/lib/python3.12/importlib/__init__.py", line 90, in import_module
    return _bootstrap._gcd_import(name[level:], package, level)
           ^^^^^^^^^^^^^^^^^^^^^^^^^^^^^^^^^^^^^^^^^^^^^^^^^^^^
  File "<frozen importlib._bootstrap>", line 1387, in _gcd_import
  File "<frozen importlib._bootstrap>", line 1360, in _find_and_load
  File "<frozen importlib._bootstrap>", line 1331, in _find_and_load_unlocked
  File "<frozen importlib._bootstrap>", line 935, in _load_unlocked
  File "<frozen importlib._bootstrap_external>", line 999, in exec_module
  File "<frozen importlib._bootstrap>", line 488, in _call_with_frames_removed
  File "/root/k2_modal.py", line 157, in <module>
    .add_local_file(str(HERE.parents[1] / "rogue_frontier" / "weil_trunc" / "galerkin.py"),
                        ~~~~~~~~~~~~^^^
  File "/usr/local/lib/python3.12/pathlib.py", line 282, in __getitem__
    raise IndexError(idx)
IndexError: 1
Runner failed with exception: IndexError(1)
Traceback (most recent call last):
  File "/pkg/modal/_runtime/task_lifecycle_manager.py", line 84, in handle_task_lifecycle_exception
    yield
  File "/pkg/modal/_container_entrypoint.py", line 362, in hydrate_function
    service = get_function_service(function_def, _client)
              ^^^^^^^^^^^^^^^^^^^^^^^^^^^^^^^^^^^^^^^^^^^
  File "/pkg/modal/_container_entrypoint.py", line 340, in get_function_service
    service = import_single_function_service(
              ^^^^^^^^^^^^^^^^^^^^^^^^^^^^^^^
  File "/pkg/modal/_runtime/user_code_imports.py", line 509, in import_single_function_service
    module = importlib.import_module(function_def.module_name)
             ^^^^^^^^^^^^^^^^^^^^^^^^^^^^^^^^^^^^^^^^^^^^^^^^^
  File "/usr/local/lib/python3.12/importlib/__init__.py", line 90, in import_module
    return _bootstrap._gcd_import(name[level:], package, level)
           ^^^^^^^^^^^^^^^^^^^^^^^^^^^^^^^^^^^^^^^^^^^^^^^^^^^^
  File "<frozen importlib._bootstrap>", line 1387, in _gcd_import
  File "<frozen importlib._bootstrap>", line 1360, in _find_and_load
  File "<frozen importlib._bootstrap>", line 1331, in _find_and_load_unlocked
  File "<frozen importlib._bootstrap>", line 935, in _load_unlocked
  File "<frozen importlib._bootstrap_external>", line 999, in exec_module
  File "<frozen importlib._bootstrap>", line 488, in _call_with_frames_removed
  File "/root/k2_modal.py", line 157, in <module>
    .add_local_file(str(HERE.parents[1] / "rogue_frontier" / "weil_trunc" / "galerkin.py"),
                        ~~~~~~~~~~~~^^^
  File "/usr/local/lib/python3.12/pathlib.py", line 282, in __getitem__
    raise IndexError(idx)
IndexError: 1
Runner failed with exception: IndexError(1)
Traceback (most recent call last):
Runner failed with exception: IndexError(1)
  File "/pkg/modal/_runtime/task_lifecycle_manager.py", line 84, in handle_task_lifecycle_exception
    yield
  File "/pkg/modal/_container_entrypoint.py", line 362, in hydrate_function
    service = get_function_service(function_def, _client)
              ^^^^^^^^^^^^^^^^^^^^^^^^^^^^^^^^^^^^^^^^^^^
  File "/pkg/modal/_container_entrypoint.py", line 340, in get_function_service
    service = import_single_function_service(
              ^^^^^^^^^^^^^^^^^^^^^^^^^^^^^^^
  File "/pkg/modal/_runtime/user_code_imports.py", line 509, in import_single_function_service
    module = importlib.import_module(function_def.module_name)
             ^^^^^^^^^^^^^^^^^^^^^^^^^^^^^^^^^^^^^^^^^^^^^^^^^
  File "/usr/local/lib/python3.12/importlib/__init__.py", line 90, in import_module
    return _bootstrap._gcd_import(name[level:], package, level)
           ^^^^^^^^^^^^^^^^^^^^^^^^^^^^^^^^^^^^^^^^^^^^^^^^^^^^
  File "<frozen importlib._bootstrap>", line 1387, in _gcd_import
  File "<frozen importlib._bootstrap>", line 1360, in _find_and_load
  File "<frozen importlib._bootstrap>", line 1331, in _find_and_load_unlocked
  File "<frozen importlib._bootstrap>", line 935, in _load_unlocked
  File "<frozen importlib._bootstrap_external>", line 999, in exec_module
  File "<frozen importlib._bootstrap>", line 488, in _call_with_frames_removed
  File "/root/k2_modal.py", line 157, in <module>
    .add_local_file(str(HERE.parents[1] / "rogue_frontier" / "weil_trunc" / "galerkin.py"),
                        ~~~~~~~~~~~~^^^
  File "/usr/local/lib/python3.12/pathlib.py", line 282, in __getitem__
    raise IndexError(idx)
IndexError: 1
Traceback (most recent call last):
Runner failed with exception: IndexError(1)
  File "/pkg/modal/_runtime/task_lifecycle_manager.py", line 84, in handle_task_lifecycle_exception
    yield
  File "/pkg/modal/_container_entrypoint.py", line 362, in hydrate_function
    service = get_function_service(function_def, _client)
              ^^^^^^^^^^^^^^^^^^^^^^^^^^^^^^^^^^^^^^^^^^^
  File "/pkg/modal/_container_entrypoint.py", line 340, in get_function_service
    service = import_single_function_service(
              ^^^^^^^^^^^^^^^^^^^^^^^^^^^^^^^
  File "/pkg/modal/_runtime/user_code_imports.py", line 509, in import_single_function_service
    module = importlib.import_module(function_def.module_name)
             ^^^^^^^^^^^^^^^^^^^^^^^^^^^^^^^^^^^^^^^^^^^^^^^^^
  File "/usr/local/lib/python3.12/importlib/__init__.py", line 90, in import_module
    return _bootstrap._gcd_import(name[level:], package, level)
           ^^^^^^^^^^^^^^^^^^^^^^^^^^^^^^^^^^^^^^^^^^^^^^^^^^^^
  File "<frozen importlib._bootstrap>", line 1387, in _gcd_import
  File "<frozen importlib._bootstrap>", line 1360, in _find_and_load
  File "<frozen importlib._bootstrap>", line 1331, in _find_and_load_unlocked
  File "<frozen importlib._bootstrap>", line 935, in _load_unlocked
  File "<frozen importlib._bootstrap_external>", line 999, in exec_module
  File "<frozen importlib._bootstrap>", line 488, in _call_with_frames_removed
  File "/root/k2_modal.py", line 157, in <module>
    .add_local_file(str(HERE.parents[1] / "rogue_frontier" / "weil_trunc" / "galerkin.py"),
                        ~~~~~~~~~~~~^^^
  File "/usr/local/lib/python3.12/pathlib.py", line 282, in __getitem__
    raise IndexError(idx)
IndexError: 1
Traceback (most recent call last):
Runner failed with exception: IndexError(1)
  File "/pkg/modal/_runtime/task_lifecycle_manager.py", line 84, in handle_task_lifecycle_exception
    yield
  File "/pkg/modal/_container_entrypoint.py", line 362, in hydrate_function
    service = get_function_service(function_def, _client)
              ^^^^^^^^^^^^^^^^^^^^^^^^^^^^^^^^^^^^^^^^^^^
  File "/pkg/modal/_container_entrypoint.py", line 340, in get_function_service
    service = import_single_function_service(
              ^^^^^^^^^^^^^^^^^^^^^^^^^^^^^^^
  File "/pkg/modal/_runtime/user_code_imports.py", line 509, in import_single_function_service
    module = importlib.import_module(function_def.module_name)
             ^^^^^^^^^^^^^^^^^^^^^^^^^^^^^^^^^^^^^^^^^^^^^^^^^
  File "/usr/local/lib/python3.12/importlib/__init__.py", line 90, in import_module
    return _bootstrap._gcd_import(name[level:], package, level)
           ^^^^^^^^^^^^^^^^^^^^^^^^^^^^^^^^^^^^^^^^^^^^^^^^^^^^
  File "<frozen importlib._bootstrap>", line 1387, in _gcd_import
  File "<frozen importlib._bootstrap>", line 1360, in _find_and_load
  File "<frozen importlib._bootstrap>", line 1331, in _find_and_load_unlocked
  File "<frozen importlib._bootstrap>", line 935, in _load_unlocked
  File "<frozen importlib._bootstrap_external>", line 999, in exec_module
  File "<frozen importlib._bootstrap>", line 488, in _call_with_frames_removed
  File "/root/k2_modal.py", line 157, in <module>
    .add_local_file(str(HERE.parents[1] / "rogue_frontier" / "weil_trunc" / "galerkin.py"),
                        ~~~~~~~~~~~~^^^
  File "/usr/local/lib/python3.12/pathlib.py", line 282, in __getitem__
    raise IndexError(idx)
IndexError: 1
Traceback (most recent call last):
  File "/pkg/modal/_runtime/task_lifecycle_manager.py", line 84, in handle_task_lifecycle_exception
    yield
  File "/pkg/modal/_container_entrypoint.py", line 362, in hydrate_function
    service = get_function_service(function_def, _client)
              ^^^^^^^^^^^^^^^^^^^^^^^^^^^^^^^^^^^^^^^^^^^
  File "/pkg/modal/_container_entrypoint.py", line 340, in get_function_service
    service = import_single_function_service(
              ^^^^^^^^^^^^^^^^^^^^^^^^^^^^^^^
  File "/pkg/modal/_runtime/user_code_imports.py", line 509, in import_single_function_service
    module = importlib.import_module(function_def.module_name)
             ^^^^^^^^^^^^^^^^^^^^^^^^^^^^^^^^^^^^^^^^^^^^^^^^^
  File "/usr/local/lib/python3.12/importlib/__init__.py", line 90, in import_module
    return _bootstrap._gcd_import(name[level:], package, level)
           ^^^^^^^^^^^^^^^^^^^^^^^^^^^^^^^^^^^^^^^^^^^^^^^^^^^^
  File "<frozen importlib._bootstrap>", line 1387, in _gcd_import
  File "<frozen importlib._bootstrap>", line 1360, in _find_and_load
  File "<frozen importlib._bootstrap>", line 1331, in _find_and_load_unlocked
  File "<frozen importlib._bootstrap>", line 935, in _load_unlocked
  File "<frozen importlib._bootstrap_external>", line 999, in exec_module
  File "<frozen importlib._bootstrap>", line 488, in _call_with_frames_removed
  File "/root/k2_modal.py", line 157, in <module>
    .add_local_file(str(HERE.parents[1] / "rogue_frontier" / "weil_trunc" / "galerkin.py"),
                        ~~~~~~~~~~~~^^^
  File "/usr/local/lib/python3.12/pathlib.py", line 282, in __getitem__
    raise IndexError(idx)
IndexError: 1
Runner failed with exception: IndexError(1)
Traceback (most recent call last):
  File "/pkg/modal/_runtime/task_lifecycle_manager.py", line 84, in handle_task_lifecycle_exception
    yield
  File "/pkg/modal/_container_entrypoint.py", line 362, in hydrate_function
    service = get_function_service(function_def, _client)
              ^^^^^^^^^^^^^^^^^^^^^^^^^^^^^^^^^^^^^^^^^^^
  File "/pkg/modal/_container_entrypoint.py", line 340, in get_function_service
    service = import_single_function_service(
              ^^^^^^^^^^^^^^^^^^^^^^^^^^^^^^^
  File "/pkg/modal/_runtime/user_code_imports.py", line 509, in import_single_function_service
    module = importlib.import_module(function_def.module_name)
             ^^^^^^^^^^^^^^^^^^^^^^^^^^^^^^^^^^^^^^^^^^^^^^^^^
  File "/usr/local/lib/python3.12/importlib/__init__.py", line 90, in import_module
    return _bootstrap._gcd_import(name[level:], package, level)
           ^^^^^^^^^^^^^^^^^^^^^^^^^^^^^^^^^^^^^^^^^^^^^^^^^^^^
  File "<frozen importlib._bootstrap>", line 1387, in _gcd_import
  File "<frozen importlib._bootstrap>", line 1360, in _find_and_load
  File "<frozen importlib._bootstrap>", line 1331, in _find_and_load_unlocked
  File "<frozen importlib._bootstrap>", line 935, in _load_unlocked
  File "<frozen importlib._bootstrap_external>", line 999, in exec_module
  File "<frozen importlib._bootstrap>", line 488, in _call_with_frames_removed
  File "/root/k2_modal.py", line 157, in <module>
    .add_local_file(str(HERE.parents[1] / "rogue_frontier" / "weil_trunc" / "galerkin.py"),
                        ~~~~~~~~~~~~^^^
  File "/usr/local/lib/python3.12/pathlib.py", line 282, in __getitem__
    raise IndexError(idx)
IndexError: 1
Runner failed with exception: IndexError(1)
Traceback (most recent call last):
  File "/pkg/modal/_runtime/task_lifecycle_manager.py", line 84, in handle_task_lifecycle_exception
    yield
  File "/pkg/modal/_container_entrypoint.py", line 362, in hydrate_function
    service = get_function_service(function_def, _client)
              ^^^^^^^^^^^^^^^^^^^^^^^^^^^^^^^^^^^^^^^^^^^
  File "/pkg/modal/_container_entrypoint.py", line 340, in get_function_service
    service = import_single_function_service(
              ^^^^^^^^^^^^^^^^^^^^^^^^^^^^^^^
  File "/pkg/modal/_runtime/user_code_imports.py", line 509, in import_single_function_service
    module = importlib.import_module(function_def.module_name)
             ^^^^^^^^^^^^^^^^^^^^^^^^^^^^^^^^^^^^^^^^^^^^^^^^^
  File "/usr/local/lib/python3.12/importlib/__init__.py", line 90, in import_module
    return _bootstrap._gcd_import(name[level:], package, level)
           ^^^^^^^^^^^^^^^^^^^^^^^^^^^^^^^^^^^^^^^^^^^^^^^^^^^^
  File "<frozen importlib._bootstrap>", line 1387, in _gcd_import
  File "<frozen importlib._bootstrap>", line 1360, in _find_and_load
  File "<frozen importlib._bootstrap>", line 1331, in _find_and_load_unlocked
  File "<frozen importlib._bootstrap>", line 935, in _load_unlocked
  File "<frozen importlib._bootstrap_external>", line 999, in exec_module
  File "<frozen importlib._bootstrap>", line 488, in _call_with_frames_removed
  File "/root/k2_modal.py", line 157, in <module>
    .add_local_file(str(HERE.parents[1] / "rogue_frontier" / "weil_trunc" / "galerkin.py"),
                        ~~~~~~~~~~~~^^^
  File "/usr/local/lib/python3.12/pathlib.py", line 282, in __getitem__
    raise IndexError(idx)
IndexError: 1
Runner failed with exception: IndexError(1)
Traceback (most recent call last):
  File "/pkg/modal/_runtime/task_lifecycle_manager.py", line 84, in handle_task_lifecycle_exception
    yield
  File "/pkg/modal/_container_entrypoint.py", line 362, in hydrate_function
    service = get_function_service(function_def, _client)
              ^^^^^^^^^^^^^^^^^^^^^^^^^^^^^^^^^^^^^^^^^^^
  File "/pkg/modal/_container_entrypoint.py", line 340, in get_function_service
    service = import_single_function_service(
              ^^^^^^^^^^^^^^^^^^^^^^^^^^^^^^^
  File "/pkg/modal/_runtime/user_code_imports.py", line 509, in import_single_function_service
    module = importlib.import_module(function_def.module_name)
             ^^^^^^^^^^^^^^^^^^^^^^^^^^^^^^^^^^^^^^^^^^^^^^^^^
  File "/usr/local/lib/python3.12/importlib/__init__.py", line 90, in import_module
    return _bootstrap._gcd_import(name[level:], package, level)
           ^^^^^^^^^^^^^^^^^^^^^^^^^^^^^^^^^^^^^^^^^^^^^^^^^^^^
  File "<frozen importlib._bootstrap>", line 1387, in _gcd_import
  File "<frozen importlib._bootstrap>", line 1360, in _find_and_load
  File "<frozen importlib._bootstrap>", line 1331, in _find_and_load_unlocked
  File "<frozen importlib._bootstrap>", line 935, in _load_unlocked
  File "<frozen importlib._bootstrap_external>", line 999, in exec_module
  File "<frozen importlib._bootstrap>", line 488, in _call_with_frames_removed
  File "/root/k2_modal.py", line 157, in <module>
    .add_local_file(str(HERE.parents[1] / "rogue_frontier" / "weil_trunc" / "galerkin.py"),
                        ~~~~~~~~~~~~^^^
  File "/usr/local/lib/python3.12/pathlib.py", line 282, in __getitem__
    raise IndexError(idx)
IndexError: 1
Runner failed with exception: IndexError(1)
Traceback (most recent call last):
  File "/pkg/modal/_runtime/task_lifecycle_manager.py", line 84, in handle_task_lifecycle_exception
    yield
  File "/pkg/modal/_container_entrypoint.py", line 362, in hydrate_function
    service = get_function_service(function_def, _client)
              ^^^^^^^^^^^^^^^^^^^^^^^^^^^^^^^^^^^^^^^^^^^
  File "/pkg/modal/_container_entrypoint.py", line 340, in get_function_service
    service = import_single_function_service(
              ^^^^^^^^^^^^^^^^^^^^^^^^^^^^^^^
  File "/pkg/modal/_runtime/user_code_imports.py", line 509, in import_single_function_service
    module = importlib.import_module(function_def.module_name)
             ^^^^^^^^^^^^^^^^^^^^^^^^^^^^^^^^^^^^^^^^^^^^^^^^^
  File "/usr/local/lib/python3.12/importlib/__init__.py", line 90, in import_module
    return _bootstrap._gcd_import(name[level:], package, level)
           ^^^^^^^^^^^^^^^^^^^^^^^^^^^^^^^^^^^^^^^^^^^^^^^^^^^^
  File "<frozen importlib._bootstrap>", line 1387, in _gcd_import
  File "<frozen importlib._bootstrap>", line 1360, in _find_and_load
  File "<frozen importlib._bootstrap>", line 1331, in _find_and_load_unlocked
  File "<frozen importlib._bootstrap>", line 935, in _load_unlocked
  File "<frozen importlib._bootstrap_external>", line 999, in exec_module
  File "<frozen importlib._bootstrap>", line 488, in _call_with_frames_removed
  File "/root/k2_modal.py", line 157, in <module>
    .add_local_file(str(HERE.parents[1] / "rogue_frontier" / "weil_trunc" / "galerkin.py"),
                        ~~~~~~~~~~~~^^^
  File "/usr/local/lib/python3.12/pathlib.py", line 282, in __getitem__
    raise IndexError(idx)
IndexError: 1
Runner failed with exception: IndexError(1)
