  File "<frozen importlib._bootstrap>", line 1360, in _find_and_load
  File "<frozen importlib._bootstrap>", line 1331, in _find_and_load_unlocked
  File "<frozen importlib._bootstrap>", line 935, in _load_unlocked
  File "<frozen importlib._bootstrap_external>", line 999, in exec_module
  File "<frozen importlib._bootstrap>", line 488, in _call_with_frames_removed
  File "/root/k2_modal.py", line 157, in <module>
    .add_local_file(str(HERE.parents[1] / "rogue_frontier" / "weil_trunc" / "galerkin.py"),
                        ~~~~~~~~~~~~^^^
  File "/usr/local/lib/python3.12/pathlib.py", line 282, in __getitem__
    raise IndexError(idx)
IndexError: 1
Runner failed with exception: IndexError(1)
Traceback (most recent call last):
  File "/pkg/modal/_runtime/task_lifecycle_manager.py", line 84, in handle_task_lifecycle_exception
    yield
  File "/pkg/modal/_container_entrypoint.py", line 362, in hydrate_function
    service = get_function_service(function_def, _client)
              ^^^^^^^^^^^^^^^^^^^^^^^^^^^^^^^^^^^^^^^^^^^
  File "/pkg/modal/_container_entrypoint.py", line 340, in get_function_service
    service = import_single_function_service(
              ^^^^^^^^^^^^^^^^^^^^^^^^^^^^^^^
  File "/pkg/modal/_runtime/user_code_imports.py", line 509, in import_single_function_service
    module = importlib.import_module(function_def.module_name)
             ^^^^^^^^^^^^^^^^^^^^^^^^^^^^^^^^^^^^^^^^^^^^^^^^^
  File "/usr/local/lib/python3.12/importlib/__init__.py", line 90, in import_module
    return _bootstrap._gcd_import(name[level:], package, level)
           ^^^^^^^^^^^^^^^^^^^^^^^^^^^^^^^^^^^^^^^^^^^^^^^^^^^^
  File "<frozen importlib._bootstrap>", line 1387, in _gcd_import
  File "<frozen importlib._bootstrap>", line 1360, in _find_and_load
  File "<frozen importlib._bootstrap>", line 1331, in _find_and_load_unlocked
  File "<frozen importlib._bootstrap>", line 935, in _load_unlocked
  File "<frozen importlib._bootstrap_external>", line 999, in exec_module
  File "<frozen importlib._bootstrap>", line 488, in _call_with_frames_removed
  File "/root/k2_modal.py", line 157, in <module>
    .add_local_file(str(HERE.parents[1] / "rogue_frontier" / "weil_trunc" / "galerkin.py"),
                        ~~~~~~~~~~~~^^^
  File "/usr/local/lib/python3.12/pathlib.py", line 282, in __getitem__
    raise IndexError(idx)
IndexError: 1
Runner failed with exception: IndexError(1)
Traceback (most recent call last):
  File "/pkg/modal/_runtime/task_lifecycle_manager.py", line 84, in handle_task_lifecycle_exception
    yield
  File "/pkg/modal/_container_entrypoint.py", line 362, in hydrate_function
    service = get_function_service(function_def, _client)
              ^^^^^^^^^^^^^^^^^^^^^^^^^^^^^^^^^^^^^^^^^^^
  File "/pkg/modal/_container_entrypoint.py", line 340, in get_function_service
    service = import_single_function_service(
              ^^^^^^^^^^^^^^^^^^^^^^^^^^^^^^^
  File "/pkg/modal/_runtime/user_code_imports.py", line 509, in import_single_function_service
    module = importlib.import_module(function_def.module_name)
             ^^^^^^^^^^^^^^^^^^^^^^^^^^^^^^^^^^^^^^^^^^^^^^^^^
  File "/usr/local/lib/python3.12/importlib/__init__.py", line 90, in import_module
    return _bootstrap._gcd_import(name[level:], package, level)
           ^^^^^^^^^^^^^^^^^^^^^^^^^^^^^^^^^^^^^^^^^^^^^^^^^^^^
  File "<frozen importlib._bootstrap>", line 1387, in _gcd_import
  File "<frozen importlib._bootstrap>", line 1360, in _find_and_load
  File "<frozen importlib._bootstrap>", line 1331, in _find_and_load_unlocked
  File "<frozen importlib._bootstrap>", line 935, in _load_unlocked
  File "<frozen importlib._bootstrap_external>", line 999, in exec_module
  File "<frozen importlib._bootstrap>", line 488, in _call_with_frames_removed
  File "/root/k2_modal.py", line 157, in <module>
    .add_local_file(str(HERE.parents[1] / "rogue_frontier" / "weil_trunc" / "galerkin.py"),
                        ~~~~~~~~~~~~^^^
  File "/usr/local/lib/python3.12/pathlib.py", line 282, in __getitem__
    raise IndexError(idx)
IndexError: 1
Runner failed with exception: IndexError(1)
Traceback (most recent call last):
  File "/pkg/modal/_runtime/task_lifecycle_manager.py", line 84, in handle_task_lifecycle_exception
    yield
  File "/pkg/modal/_container_entrypoint.py", line 362, in hydrate_function
    service = get_function_service(function_def, _client)
              ^^^^^^^^^^^^^^^^^^^^^^^^^^^^^^^^^^^^^^^^^^^
  File "/pkg/modal/_container_entrypoint.py", line 340, in get_function_service
    service = import_single_function_service(
              ^^^^^^^^^^^^^^^^^^^^^^^^^^^^^^^
  File "/pkg/modal/_runtime/user_code_imports.py", line 509, in import_single_function_service
    module = importlib.import_module(function_def.module_name)
             ^^^^^^^^^^^^^^^^^^^^^^^^^^^^^^^^^^^^^^^^^^^^^^^^^
  File "/usr/local/lib/python3.12/importlib/__init__.py", line 90, in import_module
    return _bootstrap._gcd_import(name[level:], package, level)
           ^^^^^^^^^^^^^^^^^^^^^^^^^^^^^^^^^^^^^^^^^^^^^^^^^^^^
  File "<frozen importlib._bootstrap>", line 1387, in _gcd_import
  File "<frozen importlib._bootstrap>", line 1360, in _find_and_load
  File "<frozen importlib._bootstrap>", line 1331, in _find_and_load_unlocked
  File "<frozen importlib._bootstrap>", line 935, in _load_unlocked
  File "<frozen importlib._bootstrap_external>", line 999, in exec_module
  File "<frozen importlib._bootstrap>", line 488, in _call_with_frames_removed
  File "/root/k2_modal.py", line 157, in <module>
    .add_local_file(str(HERE.parents[1] / "rogue_frontier" / "weil_trunc" / "galerkin.py"),
                        ~~~~~~~~~~~~^^^
  File "/usr/local/lib/python3.12/pathlib.py", line 282, in __getitem__
    raise IndexError(idx)
IndexError: 1
Runner failed with exception: IndexError(1)
Traceback (most recent call last):
  File "/pkg/modal/_runtime/task_lifecycle_manager.py", line 84, in handle_task_lifecycle_exception
    yield
  File "/pkg/modal/_container_entrypoint.py", line 362, in hydrate_function
    service = get_function_service(function_def, _client)
              ^^^^^^^^^^^^^^^^^^^^^^^^^^^^^^^^^^^^^^^^^^^
  File "/pkg/modal/_container_entrypoint.py", line 340, in get_function_service
    service = import_single_function_service(
              ^^^^^^^^^^^^^^^^^^^^^^^^^^^^^^^
  File "/pkg/modal/_runtime/user_code_imports.py", line 509, in import_single_function_service
    module = importlib.import_module(function_def.module_name)
             ^^^^^^^^^^^^^^^^^^^^^^^^^^^^^^^^^^^^^^^^^^^^^^^^^
  File "/usr/local/lib/python3.12/importlib/__init__.py", line 90, in import_module
    return _bootstrap._gcd_import(name[level:], package, level)
           ^^^^^^^^^^^^^^^^^^^^^^^^^^^^^^^^^^^^^^^^^^^^^^^^^^^^
  File "<frozen importlib._bootstrap>", line 1387, in _gcd_import
  File "<frozen importlib._bootstrap>", line 1360, in _find_and_load
  File "<frozen importlib._bootstrap>", line 1331, in _find_and_load_unlocked
  File "<frozen importlib._bootstrap>", line 935, in _load_unlocked
  File "<frozen importlib._bootstrap_external>", line 999, in exec_module
  File "<frozen importlib._bootstrap>", line 488, in _call_with_frames_removed
  File "/root/k2_modal.py", line 157, in <module>
    .add_local_file(str(HERE.parents[1] / "rogue_frontier" / "weil_trunc" / "galerkin.py"),
                        ~~~~~~~~~~~~^^^
  File "/usr/local/lib/python3.12/pathlib.py", line 282, in __getitem__
    raise IndexError(idx)
IndexError: 1
Runner failed with exception: IndexError(1)
Traceback (most recent call last):
  File "/pkg/modal/_runtime/task_lifecycle_manager.py", line 84, in handle_task_lifecycle_exception
    yield
  File "/pkg/modal/_container_entrypoint.py", line 362, in hydrate_function
    service = get_function_service(function_def, _client)
              ^^^^^^^^^^^^^^^^^^^^^^^^^^^^^^^^^^^^^^^^^^^
  File "/pkg/modal/_container_entrypoint.py", line 340, in get_function_service
    service = import_single_function_service(
              ^^^^^^^^^^^^^^^^^^^^^^^^^^^^^^^
  File "/pkg/modal/_runtime/user_code_imports.py", line 509, in import_single_function_service
    module = importlib.import_module(function_def.module_name)
             ^^^^^^^^^^^^^^^^^^^^^^^^^^^^^^^^^^^^^^^^^^^^^^^^^
  File "/usr/local/lib/python3.12/importlib/__init__.py", line 90, in import_module
    return _bootstrap._gcd_import(name[level:], package, level)
           ^^^^^^^^^^^^^^^^^^^^^^^^^^^^^^^^^^^^^^^^^^^^^^^^^^^^
  File "<frozen importlib._bootstrap>", line 1387, in _gcd_import
  File "<frozen importlib._bootstrap>", line 1360, in _find_and_load
  File "<frozen importlib._bootstrap>", line 1331, in _find_and_load_unlocked
  File "<frozen importlib._bootstrap>", line 935, in _load_unlocked
  File "<frozen importlib._bootstrap_external>", line 999, in exec_module
  File "<frozen importlib._bootstrap>", line 488, in _call_with_frames_removed
  File "/root/k2_modal.py", line 157, in <module>
    .add_local_file(str(HERE.parents[1] / "rogue_frontier" / "weil_trunc" / "galerkin.py"),
                        ~~~~~~~~~~~~^^^
  File "/usr/local/lib/python3.12/pathlib.py", line 282, in __getitem__
    raise IndexError(idx)
IndexError: 1
Runner failed with exception: IndexError(1)
Traceback (most recent call last):
  File "/pkg/modal/_runtime/task_lifecycle_manager.py", line 84, in handle_task_lifecycle_exception
    yield
  File "/pkg/modal/_container_entrypoint.py", line 362, in hydrate_function
    service = get_function_service(function_def, _client)
              ^^^^^^^^^^^^^^^^^^^^^^^^^^^^^^^^^^^^^^^^^^^
  File "/pkg/modal/_container_entrypoint.py", line 340, in get_function_service
    service = import_single_function_service(
              ^^^^^^^^^^^^^^^^^^^^^^^^^^^^^^^
  File "/pkg/modal/_runtime/user_code_imports.py", line 509, in import_single_function_service
    module = importlib.import_module(function_def.module_name)
             ^^^^^^^^^^^^^^^^^^^^^^^^^^^^^^^^^^^^^^^^^^^^^^^^^
  File "/usr/local/lib/python3.12/importlib/__init__.py", line 90, in import_module
    return _bootstrap._gcd_import(name[level:], package, level)
           ^^^^^^^^^^^^^^^^^^^^^^^^^^^^^^^^^^^^^^^^^^^^^^^^^^^^
  File "<frozen importlib._bootstrap>", line 1387, in _gcd_import
  File "<frozen importlib._bootstrap>", line 1360, in _find_and_load
  File "<frozen importlib._bootstrap>", line 1331, in _find_and_load_unlocked
  File "<frozen importlib._bootstrap>", line 935, in _load_unlocked
  File "<frozen importlib._bootstrap_external>", line 999, in exec_module
  File "<frozen importlib._bootstrap>", line 488, in _call_with_frames_removed
  File "/root/k2_modal.py", line 157, in <module>
    .add_local_file(str(HERE.parents[1] / "rogue_frontier" / "weil_trunc" / "galerkin.py"),
                        ~~~~~~~~~~~~^^^
  File "/usr/local/lib/python3.12/pathlib.py", line 282, in __getitem__
    raise IndexError(idx)
IndexError: 1
Runner failed with exception: IndexError(1)
Traceback (most recent call last):
  File "/pkg/modal/_runtime/task_lifecycle_manager.py", line 84, in handle_task_lifecycle_exception
    yield
  File "/pkg/modal/_container_entrypoint.py", line 362, in hydrate_function
    service = get_function_service(function_def, _client)
              ^^^^^^^^^^^^^^^^^^^^^^^^^^^^^^^^^^^^^^^^^^^
  File "/pkg/modal/_container_entrypoint.py", line 340, in get_function_service
    service = import_single_function_service(
              ^^^^^^^^^^^^^^^^^^^^^^^^^^^^^^^
  File "/pkg/modal/_runtime/user_code_imports.py", line 509, in import_single_function_service
    module = importlib.import_module(function_def.module_name)
             ^^^^^^^^^^^^^^^^^^^^^^^^^^^^^^^^^^^^^^^^^^^^^^^^^
  File "/usr/local/lib/python3.12/importlib/__init__.py", line 90, in import_module
    return _bootstrap._gcd_import(name[level:], package, level)
           ^^^^^^^^^^^^^^^^^^^^^^^^^^^^^^^^^^^^^^^^^^^^^^^^^^^^
  File "<frozen importlib._bootstrap>", line 1387, in _gcd_import
  File "<frozen importlib._bootstrap>", line 1360, in _find_and_load
  File "<frozen importlib._bootstrap>", line 1331, in _find_and_load_unlocked
  File "<frozen importlib._bootstrap>", line 935, in _load_unlocked
  File "<frozen importlib._bootstrap_external>", line 999, in exec_module
  File "<frozen importlib._bootstrap>", line 488, in _call_with_frames_removed
  File "/root/k2_modal.py", line 157, in <module>
    .add_local_file(str(HERE.parents[1] / "rogue_frontier" / "weil_trunc" / "galerkin.py"),
                        ~~~~~~~~~~~~^^^
  File "/usr/local/lib/python3.12/pathlib.py", line 282, in __getitem__
    raise IndexError(idx)
IndexError: 1
Function k2_modal.k2 is crash-looping: containers are repeatedly failing to start.
Runner failed with exception: IndexError(1)
Stopping app - user stopped from CLI.
