✓ Initialized. View run at 
https://modal.com/apps/teal-sea/main/ap-meQWMiDM3O33eRTJRUHoji
✓ Created objects.
├── 🔨 Created mount 
│   /Users/thomas/orca/workspaces/zeta-lab/oob-cert/hunts/oob_envelope/numerics/
│   stage_b_modal.py
├── 🔨 Created mount 
│   /Users/thomas/orca/workspaces/zeta-lab/oob-cert/hunts/oob_envelope/numerics/
│   envelope.json
├── 🔨 Created mount 
│   /Users/thomas/orca/workspaces/zeta-lab/oob-cert/hunts/oob_envelope/numerics/
│   harden.py
├── 🔨 Created mount 
│   /Users/thomas/orca/workspaces/zeta-lab/oob-cert/hunts/oob_envelope/numerics/
│   assemble.py
├── 🔨 Created function unit.
└── 🔨 Created function reduce.
{"unit": [980, 1000], "skipped": true}
{"unit": [20, 40], "seconds": 30.040392637252808}
{"unit": [0, 20], "seconds": 30.622552156448364}
{"unit": [40, 60], "seconds": 32.450498819351196}
{"unit": [60, 80], "seconds": 32.65860438346863}
{"unit": [160, 180], "seconds": 40.332605600357056}
{"unit": [140, 160], "seconds": 39.36139965057373}
{"unit": [100, 120], "seconds": 40.06944179534912}
{"unit": [180, 200], "seconds": 35.01524543762207}
{"unit": [280, 300], "seconds": 48.376238107681274}
{"unit": [320, 340], "seconds": 49.47333383560181}
{"unit": [200, 220], "seconds": 48.189306020736694}
{"unit": [220, 240], "seconds": 48.35017395019531}
{"unit": [300, 320], "seconds": 50.45134878158569}
{"unit": [240, 260], "seconds": 50.10401940345764}
{"unit": [80, 100], "seconds": 52.246559619903564}
{"unit": [260, 280], "seconds": 50.90137577056885}
{"unit": [360, 380], "seconds": 52.51672172546387}
{"unit": [120, 140], "seconds": 54.37815999984741}
{"unit": [340, 360], "seconds": 57.330294609069824}
{"unit": [420, 440], "seconds": 57.552401542663574}
{"unit": [440, 460], "seconds": 59.02710843086243}
{"unit": [460, 480], "seconds": 59.337504863739014}
{"unit": [380, 400], "seconds": 61.19775867462158}
{"unit": [500, 520], "seconds": 61.223849058151245}
{"unit": [400, 420], "seconds": 62.60821223258972}
{"unit": [520, 540], "seconds": 64.68438816070557}
{"unit": [540, 560], "seconds": 65.33362603187561}
{"unit": [680, 700], "seconds": 74.14001417160034}
{"unit": [620, 640], "seconds": 72.2547869682312}
Runner terminated.
{"unit": [480, 500], "seconds": 84.53794479370117}
{"unit": [660, 680], "seconds": 83.82683277130127}
{"unit": [700, 720], "seconds": 85.50028681755066}
[modal-client] 2026-09-27T23:17:52+0000 Modal Client → Modal Worker Heartbeat attempt failed (attempt_dur=61.76, time_since_heartbeat_success=61.76, error=ConnectionError('Deadline exceeded'))
{"unit": [560, 580], "seconds": 92.60293817520142}
{"unit": [580, 600], "seconds": 97.29774355888367}
{"unit": [720, 740], "seconds": 95.15136289596558}
{"unit": [600, 620], "seconds": 100.6290967464447}
{"unit": [640, 660], "seconds": 102.34751868247986}
{"unit": [740, 760], "seconds": 118.96220088005066}
{"unit": [920, 940], "seconds": 187.1998736858368}
{"unit": [900, 920], "seconds": 191.5627636909485}
{"unit": [860, 880], "seconds": 191.92263054847717}
Container terminated due to preemption. Your Function will be restarted with the same input. For more details, see https://modal.com/docs/guide/preemption
{"unit": [780, 800], "seconds": 210.74125933647156}
{"unit": [820, 840], "seconds": 211.19566583633423}
{"unit": [800, 820], "seconds": 214.2481837272644}
{"unit": [940, 960], "seconds": 213.19170260429382}
{"unit": [960, 980], "seconds": 217.98561477661133}
{"unit": [840, 860], "seconds": 219.17387795448303}
{"unit": [880, 900], "seconds": 249.47765350341797}
{"unit": [760, 780], "seconds": 191.5109248161316}
units wall 410 s
{
 "cfg": {
  "L": "119/100",
  "T": "500",
  "env": "sine:16",
  "N": 500,
  "q": 96,
  "prec": 384,
  "h": "1/2",
  "split": false,
  "units": 50,
  "tag": "stageB_L119"
 },
 "S": "[3.8634773270097820000 +/- 3e-24]",
 "beta": "[0.51125370500306425908 +/- 3.92e-21]",
 "unit_seconds": [
  30.622552156448364,
  30.040392637252808,
  32.450498819351196,
  32.65860438346863,
  52.246559619903564,
  40.06944179534912,
  54.37815999984741,
  39.36139965057373,
  40.332605600357056,
  35.01524543762207,
  48.189306020736694,
  48.35017395019531,
  50.10401940345764,
  50.90137577056885,
  48.376238107681274,
  50.45134878158569,
  49.47333383560181,
  57.330294609069824,
  52.51672172546387,
  61.19775867462158,
  62.60821223258972,
  57.552401542663574,
  59.02710843086243,
  59.337504863739014,
  84.53794479370117,
  61.223849058151245,
  64.68438816070557,
  65.33362603187561,
  92.60293817520142,
  97.29774355888367,
  100.6290967464447,
  72.2547869682312,
  102.34751868247986,
  83.82683277130127,
  74.14001417160034,
  85.50028681755066,
  95.15136289596558,
  118.96220088005066,
  191.5109248161316,
  210.74125933647156,
  214.2481837272644,
  211.19566583633423,
  219.17387795448303,
  191.92263054847717,
  249.47765350341797,
  191.5627636909485,
  187.1998736858368,
  213.19170260429382,
  217.98561477661133,
  210.0146996974945
 ],
 "unit_seconds_sum": 4849.308697938919,
 "node_shift_upper": "7.3323e-113",
 "eps_Q_max": "6.8643e-66",
 "eps_D": "[1.7709e-184 +/- 8.39e-190]",
 "eps_B": "[1.4435e-87 +/- 4.89e-92]",
 "K": "[7427.3154 +/- 1.80e-5]",
 "lemma31": {
  "T_ge_15/4": true,
  "beta_positive_arb": true,
  "S_global_bound": "envelope.json, P_L - H <= S on all of R"
 },
 "main": {
  "e": "2.2881e-63",
  "lambda_meas": "5.77564879389e-48",
  "t_measure_s": 10.403747320175171,
  "lambda0_tries": [
   {
    "fac": "0.99",
    "ok": true,
    "fail": null
   }
  ],
  "ok": true,
  "lambda0_exact": "5144860914195200551500964875434862007156702905575695347184531234443752454571936339553243156649671153729012833053573/899782758908639276562107701537196371773939423660383326620151114522367516134297574063808137220778171429984182126704179024641653211098859937801703036173032771026944",
  "lambda0": "5.71789230596e-48",
  "r": "1.4203e-113",
  "lambdaA_lower_rounded_down": "571789230595e-59",
  "beta_minus_epsD": "[0.511253705003064 +/- 2.60e-16]",
  "lower_bound_exact": "20579443656780793970742849526496846077049805971397108648779551192795387468861528381102965334078821881532534924897247/3599131035634557106248430806148785487095757694641533306480604458089470064537190296255232548883112685719936728506816716098566612844395439751206812144692131084107776",
  "lower_bound_rounded_down": "571789230595e-59",
  "t_total_s": 22.22144842147827,
  "lesion_overshoot_1.01": {
   "cholesky_ok": false,
   "fail": [
    209,
    -8.034404598323276
   ]
  }
 },
 "reduce_seconds": 88.04843020439148
}
total wall 502 s
Stopping app - local entrypoint completed.
✓ App completed. View run at 
https://modal.com/apps/teal-sea/main/ap-meQWMiDM3O33eRTJRUHoji
exit 0
