✔ [2884/2885] Built Zeta23.Defs (1.9s)
✔ [2885/2885] Built Zeta23.Defs.Counting (1.5s)
Build completed successfully (2885 jobs).
	Command being timed: "timeout 15m lake build Zeta23.Defs.Counting"
	User time (seconds): 4.71
	System time (seconds): 2.17
	Percent of CPU this job got: 127%
	Elapsed (wall clock) time (h:mm:ss or m:ss): 0:05.41
	Average shared text size (kbytes): 0
	Average unshared data size (kbytes): 0
	Average stack size (kbytes): 0
	Average total size (kbytes): 0
	Maximum resident set size (kbytes): 1479748
	Average resident set size (kbytes): 0
	Major (requiring I/O) page faults: 1
	Minor (reclaiming a frame) page faults: 105256
	Voluntary context switches: 27250
	Involuntary context switches: 1859
	Swaps: 0
	File system inputs: 80
	File system outputs: 8880
	Socket messages sent: 0
	Socket messages received: 0
	Signals delivered: 0
	Page size (bytes): 4096
	Exit status: 0
