form=(1, 1, 4) t=  40.0 dps=  15 rel_err= 2.249e-16 correct_digits=  15.6 (4.46s)
form=(1, 1, 4) t=  60.0 dps=  15 rel_err= 7.990e-04 correct_digits=   3.1 (4.16s)
form=(1, 1, 4) t=  60.0 dps=  16 rel_err= 4.385e-05 correct_digits=   4.4 (4.43s)
form=(1, 1, 4) t=  60.0 dps=  19 rel_err= 7.799e-08 correct_digits=   7.1 (5.33s)
form=(1, 1, 4) t=  60.0 dps=  23 rel_err= 1.020e-11 correct_digits=  11.0 (6.07s)
form=(1, 1, 4) t=  60.0 dps=  27 rel_err= 6.643e-16 correct_digits=  15.2 (6.32s)
form=(1, 1, 4) t=  80.0 dps=  27 rel_err= 1.825e-02 correct_digits=   1.7 (6.95s)
form=(1, 1, 4) t=  80.0 dps=  29 rel_err= 8.568e-05 correct_digits=   4.1 (7.77s)
form=(1, 1, 4) t=  80.0 dps=  32 rel_err= 1.626e-07 correct_digits=   6.8 (9.01s)
form=(1, 1, 4) t=  80.0 dps=  36 rel_err= 6.970e-12 correct_digits=  11.2 (8.87s)
form=(1, 1, 4) t=  80.0 dps=  40 rel_err= 4.704e-16 correct_digits=  15.3 (8.61s)
form=(1, 1, 4) t= 100.0 dps=  40 rel_err= 2.966e-03 correct_digits=   2.5 (8.82s)
form=(1, 1, 4) t= 100.0 dps=  42 rel_err= 9.967e-05 correct_digits=   4.0 (7.64s)
form=(1, 1, 4) t= 100.0 dps=  45 rel_err= 6.578e-08 correct_digits=   7.2 (8.76s)
form=(1, 1, 4) t= 100.0 dps=  49 rel_err= 1.463e-11 correct_digits=  10.8 (8.55s)
form=(1, 1, 4) t= 100.0 dps=  53 rel_err= 1.402e-16 correct_digits=  15.9 (10.11s)
form=(1, 1, 4) t= 120.0 dps=  54 rel_err= 1.668e-03 correct_digits=   2.8 (13.86s)
form=(1, 1, 4) t= 120.0 dps=  56 rel_err= 1.153e-05 correct_digits=   4.9 (13.21s)
form=(1, 1, 4) t= 120.0 dps=  59 rel_err= 1.350e-09 correct_digits=   8.9 (12.12s)
form=(1, 1, 4) t= 120.0 dps=  63 rel_err= 5.675e-12 correct_digits=  11.2 (10.9s)
form=(1, 1, 4) t= 120.0 dps=  67 rel_err= 1.260e-16 correct_digits=  15.9 (12.27s)
form=(2, 1, 3) t=  40.0 dps=  15 rel_err= 4.119e-15 correct_digits=  14.4 (2.18s)
form=(2, 1, 3) t=  60.0 dps=  15 rel_err= 3.238e-03 correct_digits=   2.5 (2.26s)
form=(2, 1, 3) t=  60.0 dps=  16 rel_err= 3.266e-03 correct_digits=   2.5 (2.38s)
form=(2, 1, 3) t=  60.0 dps=  19 rel_err= 1.532e-06 correct_digits=   5.8 (2.74s)
form=(2, 1, 3) t=  60.0 dps=  23 rel_err= 4.956e-10 correct_digits=   9.3 (3.04s)
form=(2, 1, 3) t=  60.0 dps=  27 rel_err= 5.312e-14 correct_digits=  13.3 (3.79s)
form=(2, 1, 3) t=  80.0 dps=  27 rel_err= 1.788e-01 correct_digits=   0.7 (4.06s)
form=(2, 1, 3) t=  80.0 dps=  29 rel_err= 2.066e-03 correct_digits=   2.7 (4.22s)
form=(2, 1, 3) t=  80.0 dps=  32 rel_err= 1.756e-06 correct_digits=   5.8 (4.7s)
form=(2, 1, 3) t=  80.0 dps=  36 rel_err= 2.251e-10 correct_digits=   9.6 (5.88s)
form=(2, 1, 3) t=  80.0 dps=  40 rel_err= 3.859e-14 correct_digits=  13.4 (6.38s)
form=(2, 1, 3) t= 100.0 dps=  40 rel_err= 5.569e-01 correct_digits=   0.3 (6.86s)
form=(2, 1, 3) t= 100.0 dps=  42 rel_err= 7.353e-03 correct_digits=   2.1 (7.64s)
form=(2, 1, 3) t= 100.0 dps=  45 rel_err= 5.863e-06 correct_digits=   5.2 (7.43s)
form=(2, 1, 3) t= 100.0 dps=  49 rel_err= 1.832e-11 correct_digits=  10.7 (10.34s)
form=(2, 1, 3) t= 100.0 dps=  53 rel_err= 3.164e-14 correct_digits=  13.5 (11.1s)
form=(2, 1, 3) t= 120.0 dps=  54 rel_err= 7.376e-03 correct_digits=   2.1 (12.37s)
form=(2, 1, 3) t= 120.0 dps=  56 rel_err= 2.773e-04 correct_digits=   3.6 (13.26s)
form=(2, 1, 3) t= 120.0 dps=  59 rel_err= 4.319e-07 correct_digits=   6.4 (15.37s)
form=(2, 1, 3) t= 120.0 dps=  63 rel_err= 6.176e-11 correct_digits=  10.2 (17.21s)
form=(2, 1, 3) t= 120.0 dps=  67 rel_err= 1.116e-14 correct_digits=  14.0 (18.29s)
-> /home/user/zeta-lab/hunts/epstein_height/artifacts/boundary.json (42 cells)
