⚠ [8931/8932] Built StrongerChallenge (4.1s)
warning: StrongerChallenge.lean:46:8: declaration uses `sorry`
warning: StrongerChallenge.lean:52:8: declaration uses `sorry`
Build completed successfully (8932 jobs).
	Command being timed: "timeout 18m lake build StrongerChallenge"
	User time (seconds): 7.66
	System time (seconds): 5.15
	Percent of CPU this job got: 140%
	Elapsed (wall clock) time (h:mm:ss or m:ss): 0:09.12
	Average shared text size (kbytes): 0
	Average unshared data size (kbytes): 0
	Average stack size (kbytes): 0
	Average total size (kbytes): 0
	Maximum resident set size (kbytes): 2921216
	Average resident set size (kbytes): 0
	Major (requiring I/O) page faults: 1841
	Minor (reclaiming a frame) page faults: 154674
	Voluntary context switches: 84006
	Involuntary context switches: 13051
	Swaps: 0
	File system inputs: 324160
	File system outputs: 13168
	Socket messages sent: 0
	Socket messages received: 0
	Signals delivered: 0
	Page size (bytes): 4096
	Exit status: 0
