N=    10000 y=    16 alpha=0.301 cells=   198 E=    1311.0885601205368 E*sqrt(y)/N=    0.5244354240482147 (0.03s)
N=    10000 y=    25 alpha=0.349 cells=   198 E=     912.6314752685089 E*sqrt(y)/N=    0.4563157376342544 (0.03s)
N=    10000 y=    40 alpha=0.401 cells=   198 E=     559.3314458685638 E*sqrt(y)/N=   0.35375226717996777 (0.05s)
N=    10000 y=    63 alpha=0.450 cells=   198 E=    397.13643036513133 E*sqrt(y)/N=   0.31521726939301736 (0.06s)
N=    10000 y=   100 alpha=0.500 cells=   198 E=    226.83268961232105 E*sqrt(y)/N=   0.22683268961232106 (0.06s)
N=    10000 y=   158 alpha=0.550 cells=   198 E=     9.406482647787405 E*sqrt(y)/N=  0.011823765346493407 (0.08s)
N=    10000 y=   251 alpha=0.600 cells=   198 E=                   0.0 E*sqrt(y)/N=                   0.0 (0.09s)
N=    10000 y=   398 alpha=0.650 cells=   198 E=                   0.0 E*sqrt(y)/N=                   0.0 (0.09s)
N=   100000 y=    32 alpha=0.301 cells=   630 E=     8972.456127642592 E*sqrt(y)/N=    0.5075587657403895 (0.12s)
N=   100000 y=    56 alpha=0.350 cells=   630 E=     5620.367820192533 E*sqrt(y)/N=    0.4205898154161989 (0.19s)
N=   100000 y=   100 alpha=0.400 cells=   630 E=     4017.431362101578 E*sqrt(y)/N=   0.40174313621015784 (0.2s)
N=   100000 y=   178 alpha=0.450 cells=   630 E=    2190.3262709636588 E*sqrt(y)/N=   0.29222597298027686 (0.51s)
N=   100000 y=   316 alpha=0.500 cells=   630 E=    1035.2339342959353 E*sqrt(y)/N=   0.18402720950849571 (0.75s)
N=   100000 y=   562 alpha=0.550 cells=   630 E=     28.36432691227541 E*sqrt(y)/N=  0.006724200273242716 (1.21s)
N=   100000 y=  1000 alpha=0.600 cells=   630 E=                   0.0 E*sqrt(y)/N=                   0.0 (1.11s)
N=   100000 y=  1778 alpha=0.650 cells=   630 E=                   0.0 E*sqrt(y)/N=                   0.0 (1.64s)
N=  1000000 y=    63 alpha=0.300 cells=  1998 E=     57662.30973857204 E*sqrt(y)/N=   0.45768039476951844 (1.24s)
N=  1000000 y=   126 alpha=0.350 cells=  1998 E=     39171.50900788616 E*sqrt(y)/N=   0.43969909809131774 (2.89s)
N=  1000000 y=   251 alpha=0.400 cells=  1998 E=    23440.726072009304 E*sqrt(y)/N=   0.37137094304014573 (6.37s)
N=  1000000 y=   501 alpha=0.450 cells=  1998 E=    14710.765095950506 E*sqrt(y)/N=    0.3292714859562335 (15.41s)
N=  1000000 y=  1000 alpha=0.500 cells=  1998 E=      6414.83216371319 E*sqrt(y)/N=   0.20285480445039808 (27.64s)
N=  1000000 y=  1995 alpha=0.550 cells=  1998 E=                   0.0 E*sqrt(y)/N=                   0.0 (41.96s)
N=  1000000 y=  3981 alpha=0.600 cells=  1998 E=                   0.0 E*sqrt(y)/N=                   0.0 (39.37s)
N=  1000000 y=  7943 alpha=0.650 cells=  1998 E=                   0.0 E*sqrt(y)/N=                   0.0 (43.08s)
-> /home/user/zeta-lab/hunts/quotient_exponent/artifacts/sweep.json
