✓ Initialized. View run at 
https://modal.com/apps/teal-sea/main/ap-rqh9FPUy7RU4JTYWllgrfl
✓ Created objects.
├── 🔨 Created mount 
│   /Users/thomas/orca/workspaces/zeta-lab/oob-cert-referee/hunts/oob_envelope/r
│   eferee/run_l119_modal.py
├── 🔨 Created mount 
│   /Users/thomas/orca/workspaces/zeta-lab/oob-cert-referee/hunts/oob_envelope/r
│   eferee/frozen_envelope_L119.json
├── 🔨 Created mount 
│   /Users/thomas/orca/workspaces/zeta-lab/oob-cert-referee/hunts/oob_envelope/r
│   eferee/independent.py
├── 🔨 Created mount 
│   /Users/thomas/orca/workspaces/zeta-lab/oob-cert-referee/hunts/oob_envelope/r
│   eferee/l119.py
└── 🔨 Created function execute.
{"unit": "panels_0990_1000", "status": "completed", "elapsed_s": 71.38281655311584}
Stopping app - local entrypoint completed.
✓ App completed. View run at 
https://modal.com/apps/teal-sea/main/ap-rqh9FPUy7RU4JTYWllgrfl
