✓ Initialized. View run at 
https://modal.com/apps/teal-sea/main/ap-Ej0NafxxkLdYzOcBKNUpty
✓ Created objects.
├── 🔨 Created mount 
│   /Users/thomas/orca/workspaces/zeta-lab/oob-cert-referee/hunts/oob_envelope/r
│   eferee/run_l119_modal.py
├── 🔨 Created mount 
│   /Users/thomas/orca/workspaces/zeta-lab/oob-cert-referee/hunts/oob_envelope/r
│   eferee/frozen_envelope_L119.json
├── 🔨 Created mount 
│   /Users/thomas/orca/workspaces/zeta-lab/oob-cert-referee/hunts/oob_envelope/r
│   eferee/independent.py
├── 🔨 Created mount 
│   /Users/thomas/orca/workspaces/zeta-lab/oob-cert-referee/hunts/oob_envelope/r
│   eferee/l119.py
└── 🔨 Created function execute.
    └── ⚠ Non-preemptible functions are billed at 3.0x the list rate for CPU and
        Memory.
[modal-client] 2026-09-28T11:55:07+0000 Modal Client → Modal Worker Heartbeat attempt failed (attempt_dur=61.77, time_since_heartbeat_success=61.77, error=ConnectionError('Deadline exceeded'))
{"unit": "reduce_548f9a4", "status": "completed", "elapsed_s": 274.2518105506897}
Stopping app - local entrypoint completed.
✓ App completed. View run at 
https://modal.com/apps/teal-sea/main/ap-Ej0NafxxkLdYzOcBKNUpty
